// Jest Snapshot v1, https://goo.gl/fbAQLP

exports[`CuratorFeed should render correctly in "debug" mode 1`] = `
<ul
  className="CuratorFeed"
>
  <p>
    Loading...
  </p>
</ul>
`;
